// Jest Snapshot v1, https://goo.gl/fbAQLP

exports[`Pruebas en el <Counter App /> Hacer match con el Snapshot 1`] = `
<div>
  <h1>
    CounterApp
  </h1>
  <h2>
    10
  </h2>
  <div>
    <button
      class="btn btn-info"
      type="button"
    >
      +1
    </button>
    <button
      class="btn btn-warning"
      type="button"
    >
       -1
    </button>
    <button
      aria-label="btn-reset"
      class="btn btn-secondary"
      type="button"
    >
      Reset
    </button>
  </div>
</div>
`;
